// Jest Snapshot v1, https://goo.gl/fbAQLP

exports[`BitMath #leasSignificantBit gas cost of max uint128 1`] = `431`;

exports[`BitMath #leasSignificantBit gas cost of max uint256 1`] = `431`;

exports[`BitMath #leasSignificantBit gas cost of smaller number 1`] = `429`;

exports[`BitMath #mostSignificantBit gas cost of max uint128 1`] = `367`;

exports[`BitMath #mostSignificantBit gas cost of max uint256 1`] = `385`;

exports[`BitMath #mostSignificantBit gas cost of smaller number 1`] = `295`;
